node:internal/modules/run_main:123
    triggerUncaughtException(
    ^

file:///home/runner/work/sandsara-track-viewer/sandsara-track-viewer/scripts/refactor.mts:1
["pendingRoutes", "pendingMap"]mp["routerWorker", "routeWorker"]rt { readFile, readdir, writeFile } from "node:fs/promises";
                               ^^
["pendingRoutes", "pendingMap"]mp["routerWorker", "routeWorker"]rt { extname, join } from "node:path";

SyntaxError [ERR_INVALID_TYPESCRIPT_SYNTAX]: Expected ';', '}' or <eof>
    at parseTypeScript (node:internal/modules/typescript:67:36)
    at processTypeScriptCode (node:internal/modules/typescript:133:42)
    at stripTypeScriptModuleTypes (node:internal/modules/typescript:163:10)
    at ModuleLoader.<anonymous> (node:internal/modules/esm/translators:656:29)
    at #translate (node:internal/modules/esm/loader:559:20)
    at afterLoad (node:internal/modules/esm/loader:612:29)
    at ModuleLoader.loadAndTranslate (node:internal/modules/esm/loader:617:12)
    at #createModuleJob (node:internal/modules/esm/loader:640:36)
    at #getJobFromResolveResult (node:internal/modules/esm/loader:353:34)
    at ModuleLoader.getModuleJobForImport (node:internal/modules/esm/loader:321:41) {
  code: 'ERR_INVALID_TYPESCRIPT_SYNTAX'
}

Node.js v22.23.1
